// Vitest Snapshot v1, https://vitest.dev/guide/snapshot.html

exports[`GOLDEN request: OpenAI → Claude > full body (system/image/tool/tool_result) 1`] = `
{
  "max_tokens": 64000,
  "messages": [
    {
      "content": [
        {
          "text": "What's in this image?",
          "type": "text",
        },
        {
          "source": {
            "data": "IMGDATA",
            "media_type": "image/png",
            "type": "base64",
          },
          "type": "image",
        },
      ],
      "role": "user",
    },
    {
      "content": [
        {
          "cache_control": {
            "type": "ephemeral",
          },
          "id": "call_1",
          "input": {
            "city": "NYC",
          },
          "name": "get_weather",
          "type": "tool_use",
        },
      ],
      "role": "assistant",
    },
    {
      "content": [
        {
          "content": "sunny",
          "tool_use_id": "call_1",
          "type": "tool_result",
        },
      ],
      "role": "user",
    },
  ],
  "model": "claude-opus-4-6",
  "stream": true,
  "system": [
    {
      "text": "You are Claude Code, Anthropic's official CLI for Claude.",
      "type": "text",
    },
    {
      "cache_control": {
        "ttl": "1h",
        "type": "ephemeral",
      },
      "text": "You are helpful.",
      "type": "text",
    },
  ],
  "temperature": 0.7,
  "tools": [
    {
      "cache_control": {
        "ttl": "1h",
        "type": "ephemeral",
      },
      "description": "Get weather",
      "input_schema": {
        "properties": {
          "city": {
            "type": "string",
          },
        },
        "required": [
          "city",
        ],
        "type": "object",
      },
      "name": "get_weather",
    },
  ],
}
`;

exports[`GOLDEN request: OpenAI → Claude > reasoning_effort → adaptive output_config (claude 4.6+) 1`] = `
{
  "max_tokens": 64000,
  "messages": [
    {
      "content": [
        {
          "text": "hi",
          "type": "text",
        },
      ],
      "role": "user",
    },
  ],
  "model": "claude-opus-4-6",
  "output_config": {
    "effort": "high",
  },
  "stream": true,
  "system": [
    {
      "cache_control": {
        "ttl": "1h",
        "type": "ephemeral",
      },
      "text": "You are Claude Code, Anthropic's official CLI for Claude.",
      "type": "text",
    },
  ],
  "thinking": {
    "type": "adaptive",
  },
}
`;

exports[`GOLDEN request: OpenAI → Kiro > full body (image base64 + tool_result) 1`] = `
{
  "conversationState": {
    "chatTriggerType": "MANUAL",
    "currentMessage": {
      "userInputMessage": {
        "content": "[Context: Current time is <TS>

continue",
        "modelId": "claude-sonnet-4.5",
        "origin": "AI_EDITOR",
        "userInputMessageContext": {
          "toolResults": [
            {
              "content": [
                {
                  "text": "sunny",
                },
              ],
              "status": "success",
              "toolUseId": "call_1",
            },
          ],
          "tools": [
            {
              "toolSpecification": {
                "description": "Get weather",
                "inputSchema": {
                  "json": {
                    "properties": {
                      "city": {
                        "type": "string",
                      },
                    },
                    "required": [
                      "city",
                    ],
                    "type": "object",
                  },
                },
                "name": "get_weather",
              },
            },
          ],
        },
      },
    },
    "history": [
      {
        "userInputMessage": {
          "content": "You are helpful.

What's in this image?",
          "images": [
            {
              "format": "png",
              "source": {
                "bytes": "IMGDATA",
              },
            },
          ],
          "modelId": "claude-sonnet-4.5",
        },
      },
      {
        "assistantResponseMessage": {
          "content": "...",
          "toolUses": [
            {
              "input": {
                "city": "NYC",
              },
              "name": "get_weather",
              "toolUseId": "call_1",
            },
          ],
        },
      },
    ],
  },
  "inferenceConfig": {
    "maxTokens": 32000,
    "temperature": 0.7,
  },
  "profileArn": "arn:aws:codewhisperer:us-east-1:638616132270:profile/AAAACCCCXXXX",
}
`;
